#! /usr/bin/vvp
:ivl_version "11.0 (stable)";
:ivl_delay_selection "TYPICAL";
:vpi_time_precision + 0;
:vpi_module "/usr/lib/x86_64-linux-gnu/ivl/system.vpi";
:vpi_module "/usr/lib/x86_64-linux-gnu/ivl/vhdl_sys.vpi";
:vpi_module "/usr/lib/x86_64-linux-gnu/ivl/vhdl_textio.vpi";
:vpi_module "/usr/lib/x86_64-linux-gnu/ivl/v2005_math.vpi";
:vpi_module "/usr/lib/x86_64-linux-gnu/ivl/va_math.vpi";
:vpi_module "/usr/lib/x86_64-linux-gnu/ivl/v2009.vpi";
S_0x564cebe575d0 .scope package, "$unit" "$unit" 2 1;
 .timescale 0 0;
S_0x564cebe57760 .scope module, "tb_mux4" "tb_mux4" 3 20;
 .timescale 0 0;
v0x564cebe6d600_0 .var "d", 3 0;
v0x564cebe6d6f0_0 .var "sel", 1 0;
v0x564cebe6d7c0_0 .net "y", 0 0, v0x564cebe6d4e0_0;  1 drivers
S_0x564cebe1ccf0 .scope module, "uut" "mux4" 3 25, 3 2 0, S_0x564cebe57760;
 .timescale 0 0;
    .port_info 0 /INPUT 4 "d";
    .port_info 1 /INPUT 2 "sel";
    .port_info 2 /OUTPUT 1 "y";
v0x564cebe1eba0_0 .net "d", 3 0, v0x564cebe6d600_0;  1 drivers
v0x564cebe6d400_0 .net "sel", 1 0, v0x564cebe6d6f0_0;  1 drivers
v0x564cebe6d4e0_0 .var "y", 0 0;
E_0x564cebe1d7e0/0 .event edge, v0x564cebe6d400_0, v0x564cebe1eba0_0, v0x564cebe1eba0_0, v0x564cebe1eba0_0;
E_0x564cebe1d7e0/1 .event edge, v0x564cebe1eba0_0;
E_0x564cebe1d7e0 .event/or E_0x564cebe1d7e0/0, E_0x564cebe1d7e0/1;
    .scope S_0x564cebe1ccf0;
T_0 ;
Ewait_0 .event/or E_0x564cebe1d7e0, E_0x0;
    %wait Ewait_0;
    %load/vec4 v0x564cebe6d400_0;
    %dup/vec4;
    %pushi/vec4 0, 0, 2;
    %cmp/u;
    %jmp/1 T_0.0, 6;
    %dup/vec4;
    %pushi/vec4 1, 0, 2;
    %cmp/u;
    %jmp/1 T_0.1, 6;
    %dup/vec4;
    %pushi/vec4 2, 0, 2;
    %cmp/u;
    %jmp/1 T_0.2, 6;
    %dup/vec4;
    %pushi/vec4 3, 0, 2;
    %cmp/u;
    %jmp/1 T_0.3, 6;
    %pushi/vec4 0, 0, 1;
    %store/vec4 v0x564cebe6d4e0_0, 0, 1;
    %jmp T_0.5;
T_0.0 ;
    %load/vec4 v0x564cebe1eba0_0;
    %parti/s 1, 0, 2;
    %store/vec4 v0x564cebe6d4e0_0, 0, 1;
    %jmp T_0.5;
T_0.1 ;
    %load/vec4 v0x564cebe1eba0_0;
    %parti/s 1, 1, 2;
    %store/vec4 v0x564cebe6d4e0_0, 0, 1;
    %jmp T_0.5;
T_0.2 ;
    %load/vec4 v0x564cebe1eba0_0;
    %parti/s 1, 2, 3;
    %store/vec4 v0x564cebe6d4e0_0, 0, 1;
    %jmp T_0.5;
T_0.3 ;
    %load/vec4 v0x564cebe1eba0_0;
    %parti/s 1, 3, 3;
    %store/vec4 v0x564cebe6d4e0_0, 0, 1;
    %jmp T_0.5;
T_0.5 ;
    %pop/vec4 1;
    %jmp T_0;
    .thread T_0, $push;
    .scope S_0x564cebe57760;
T_1 ;
    %vpi_call/w 3 28 "$dumpfile", "mux4.vcd" {0 0 0};
    %vpi_call/w 3 29 "$dumpvars", 32'sb00000000000000000000000000000000, S_0x564cebe57760 {0 0 0};
    %vpi_call/w 3 31 "$display", "Time | d[3:0] | sel | y" {0 0 0};
    %vpi_call/w 3 32 "$display", "-----------------------" {0 0 0};
    %pushi/vec4 10, 0, 4;
    %store/vec4 v0x564cebe6d600_0, 0, 4;
    %pushi/vec4 0, 0, 2;
    %store/vec4 v0x564cebe6d6f0_0, 0, 2;
    %delay 10, 0;
    %vpi_call/w 3 35 "$display", "%0t |  %b  |  %b  | %b", $time, v0x564cebe6d600_0, v0x564cebe6d6f0_0, v0x564cebe6d7c0_0 {0 0 0};
    %pushi/vec4 1, 0, 2;
    %store/vec4 v0x564cebe6d6f0_0, 0, 2;
    %delay 10, 0;
    %vpi_call/w 3 36 "$display", "%0t |  %b  |  %b  | %b", $time, v0x564cebe6d600_0, v0x564cebe6d6f0_0, v0x564cebe6d7c0_0 {0 0 0};
    %pushi/vec4 2, 0, 2;
    %store/vec4 v0x564cebe6d6f0_0, 0, 2;
    %delay 10, 0;
    %vpi_call/w 3 37 "$display", "%0t |  %b  |  %b  | %b", $time, v0x564cebe6d600_0, v0x564cebe6d6f0_0, v0x564cebe6d7c0_0 {0 0 0};
    %pushi/vec4 3, 0, 2;
    %store/vec4 v0x564cebe6d6f0_0, 0, 2;
    %delay 10, 0;
    %vpi_call/w 3 38 "$display", "%0t |  %b  |  %b  | %b", $time, v0x564cebe6d600_0, v0x564cebe6d6f0_0, v0x564cebe6d7c0_0 {0 0 0};
    %vpi_call/w 3 39 "$finish" {0 0 0};
    %end;
    .thread T_1;
# The file index is used to find the file name in the following table.
:file_names 4;
    "N/A";
    "<interactive>";
    "-";
    "mux4.sv";
