#! /usr/bin/vvp
:ivl_version "11.0 (stable)";
:ivl_delay_selection "TYPICAL";
:vpi_time_precision + 0;
:vpi_module "/usr/lib/x86_64-linux-gnu/ivl/system.vpi";
:vpi_module "/usr/lib/x86_64-linux-gnu/ivl/vhdl_sys.vpi";
:vpi_module "/usr/lib/x86_64-linux-gnu/ivl/vhdl_textio.vpi";
:vpi_module "/usr/lib/x86_64-linux-gnu/ivl/v2005_math.vpi";
:vpi_module "/usr/lib/x86_64-linux-gnu/ivl/va_math.vpi";
:vpi_module "/usr/lib/x86_64-linux-gnu/ivl/v2009.vpi";
S_0x55e35de7b220 .scope package, "$unit" "$unit" 2 1;
 .timescale 0 0;
S_0x55e35de7b3b0 .scope module, "tb_logic_gates" "tb_logic_gates" 3 54;
 .timescale 0 0;
v0x55e35de94a10_0 .var "a", 0 0;
v0x55e35de94ad0_0 .net "and_out", 0 0, v0x55e35de94560_0;  1 drivers
v0x55e35de94ba0_0 .var "b", 0 0;
v0x55e35de94ca0_0 .net "nand_out", 0 0, v0x55e35de946c0_0;  1 drivers
v0x55e35de94d70_0 .net "nor_out", 0 0, v0x55e35de94780_0;  1 drivers
v0x55e35de94e60_0 .net "or_out", 0 0, v0x55e35de94890_0;  1 drivers
S_0x55e35de3dcf0 .scope module, "uut" "logic_gates" 3 59, 3 2 0, S_0x55e35de7b3b0;
 .timescale 0 0;
    .port_info 0 /INPUT 1 "a";
    .port_info 1 /INPUT 1 "b";
    .port_info 2 /OUTPUT 1 "and_out";
    .port_info 3 /OUTPUT 1 "or_out";
    .port_info 4 /OUTPUT 1 "nand_out";
    .port_info 5 /OUTPUT 1 "nor_out";
v0x55e35de3def0_0 .net "a", 0 0, v0x55e35de94a10_0;  1 drivers
v0x55e35de94560_0 .var "and_out", 0 0;
v0x55e35de94620_0 .net "b", 0 0, v0x55e35de94ba0_0;  1 drivers
v0x55e35de946c0_0 .var "nand_out", 0 0;
v0x55e35de94780_0 .var "nor_out", 0 0;
v0x55e35de94890_0 .var "or_out", 0 0;
E_0x55e35de77580 .event edge, v0x55e35de3def0_0, v0x55e35de94620_0;
    .scope S_0x55e35de3dcf0;
T_0 ;
    %wait E_0x55e35de77580;
    %load/vec4 v0x55e35de3def0_0;
    %load/vec4 v0x55e35de94620_0;
    %concat/vec4; draw_concat_vec4
    %dup/vec4;
    %pushi/vec4 0, 0, 2;
    %cmp/u;
    %jmp/1 T_0.0, 6;
    %dup/vec4;
    %pushi/vec4 1, 0, 2;
    %cmp/u;
    %jmp/1 T_0.1, 6;
    %dup/vec4;
    %pushi/vec4 2, 0, 2;
    %cmp/u;
    %jmp/1 T_0.2, 6;
    %dup/vec4;
    %pushi/vec4 3, 0, 2;
    %cmp/u;
    %jmp/1 T_0.3, 6;
    %pushi/vec4 0, 0, 1;
    %store/vec4 v0x55e35de94560_0, 0, 1;
    %pushi/vec4 0, 0, 1;
    %store/vec4 v0x55e35de94890_0, 0, 1;
    %pushi/vec4 0, 0, 1;
    %store/vec4 v0x55e35de946c0_0, 0, 1;
    %pushi/vec4 0, 0, 1;
    %store/vec4 v0x55e35de94780_0, 0, 1;
    %jmp T_0.5;
T_0.0 ;
    %pushi/vec4 0, 0, 1;
    %store/vec4 v0x55e35de94560_0, 0, 1;
    %pushi/vec4 0, 0, 1;
    %store/vec4 v0x55e35de94890_0, 0, 1;
    %pushi/vec4 1, 0, 1;
    %store/vec4 v0x55e35de946c0_0, 0, 1;
    %pushi/vec4 1, 0, 1;
    %store/vec4 v0x55e35de94780_0, 0, 1;
    %jmp T_0.5;
T_0.1 ;
    %pushi/vec4 0, 0, 1;
    %store/vec4 v0x55e35de94560_0, 0, 1;
    %pushi/vec4 1, 0, 1;
    %store/vec4 v0x55e35de94890_0, 0, 1;
    %pushi/vec4 1, 0, 1;
    %store/vec4 v0x55e35de946c0_0, 0, 1;
    %pushi/vec4 0, 0, 1;
    %store/vec4 v0x55e35de94780_0, 0, 1;
    %jmp T_0.5;
T_0.2 ;
    %pushi/vec4 0, 0, 1;
    %store/vec4 v0x55e35de94560_0, 0, 1;
    %pushi/vec4 1, 0, 1;
    %store/vec4 v0x55e35de94890_0, 0, 1;
    %pushi/vec4 1, 0, 1;
    %store/vec4 v0x55e35de946c0_0, 0, 1;
    %pushi/vec4 0, 0, 1;
    %store/vec4 v0x55e35de94780_0, 0, 1;
    %jmp T_0.5;
T_0.3 ;
    %pushi/vec4 1, 0, 1;
    %store/vec4 v0x55e35de94560_0, 0, 1;
    %pushi/vec4 1, 0, 1;
    %store/vec4 v0x55e35de94890_0, 0, 1;
    %pushi/vec4 0, 0, 1;
    %store/vec4 v0x55e35de946c0_0, 0, 1;
    %pushi/vec4 0, 0, 1;
    %store/vec4 v0x55e35de94780_0, 0, 1;
    %jmp T_0.5;
T_0.5 ;
    %pop/vec4 1;
    %jmp T_0;
    .thread T_0, $push;
    .scope S_0x55e35de7b3b0;
T_1 ;
    %vpi_call/w 3 62 "$dumpfile", "logic_gates.vcd" {0 0 0};
    %vpi_call/w 3 63 "$dumpvars", 32'sb00000000000000000000000000000000, S_0x55e35de7b3b0 {0 0 0};
    %vpi_call/w 3 65 "$display", "Time | A B | AND OR NAND NOR" {0 0 0};
    %vpi_call/w 3 66 "$display", "--------------------------" {0 0 0};
    %pushi/vec4 0, 0, 1;
    %store/vec4 v0x55e35de94a10_0, 0, 1;
    %pushi/vec4 0, 0, 1;
    %store/vec4 v0x55e35de94ba0_0, 0, 1;
    %delay 10, 0;
    %vpi_call/w 3 69 "$display", "%0t  | %b %b |  %b   %b   %b    %b", $time, v0x55e35de94a10_0, v0x55e35de94ba0_0, v0x55e35de94ad0_0, v0x55e35de94e60_0, v0x55e35de94ca0_0, v0x55e35de94d70_0 {0 0 0};
    %pushi/vec4 0, 0, 1;
    %store/vec4 v0x55e35de94a10_0, 0, 1;
    %pushi/vec4 1, 0, 1;
    %store/vec4 v0x55e35de94ba0_0, 0, 1;
    %delay 10, 0;
    %vpi_call/w 3 72 "$display", "%0t  | %b %b |  %b   %b   %b    %b", $time, v0x55e35de94a10_0, v0x55e35de94ba0_0, v0x55e35de94ad0_0, v0x55e35de94e60_0, v0x55e35de94ca0_0, v0x55e35de94d70_0 {0 0 0};
    %pushi/vec4 1, 0, 1;
    %store/vec4 v0x55e35de94a10_0, 0, 1;
    %pushi/vec4 0, 0, 1;
    %store/vec4 v0x55e35de94ba0_0, 0, 1;
    %delay 10, 0;
    %vpi_call/w 3 75 "$display", "%0t  | %b %b |  %b   %b   %b    %b", $time, v0x55e35de94a10_0, v0x55e35de94ba0_0, v0x55e35de94ad0_0, v0x55e35de94e60_0, v0x55e35de94ca0_0, v0x55e35de94d70_0 {0 0 0};
    %pushi/vec4 1, 0, 1;
    %store/vec4 v0x55e35de94a10_0, 0, 1;
    %pushi/vec4 1, 0, 1;
    %store/vec4 v0x55e35de94ba0_0, 0, 1;
    %delay 10, 0;
    %vpi_call/w 3 78 "$display", "%0t  | %b %b |  %b   %b   %b    %b", $time, v0x55e35de94a10_0, v0x55e35de94ba0_0, v0x55e35de94ad0_0, v0x55e35de94e60_0, v0x55e35de94ca0_0, v0x55e35de94d70_0 {0 0 0};
    %vpi_call/w 3 80 "$finish" {0 0 0};
    %end;
    .thread T_1;
# The file index is used to find the file name in the following table.
:file_names 4;
    "N/A";
    "<interactive>";
    "-";
    "logic_gates.sv";
