#! /usr/bin/vvp
:ivl_version "11.0 (stable)";
:ivl_delay_selection "TYPICAL";
:vpi_time_precision + 0;
:vpi_module "/usr/lib/x86_64-linux-gnu/ivl/system.vpi";
:vpi_module "/usr/lib/x86_64-linux-gnu/ivl/vhdl_sys.vpi";
:vpi_module "/usr/lib/x86_64-linux-gnu/ivl/vhdl_textio.vpi";
:vpi_module "/usr/lib/x86_64-linux-gnu/ivl/v2005_math.vpi";
:vpi_module "/usr/lib/x86_64-linux-gnu/ivl/va_math.vpi";
:vpi_module "/usr/lib/x86_64-linux-gnu/ivl/v2009.vpi";
S_0x56357bc6fad0 .scope package, "$unit" "$unit" 2 1;
 .timescale 0 0;
S_0x56357bc6fc60 .scope module, "tb_multiplier" "tb_multiplier" 3 41;
 .timescale 0 0;
P_0x56357bc6fdf0 .param/l "WIDTH" 0 3 42, +C4<00000000000000000000000000000100>;
v0x56357bc8ad70_0 .var "a", 3 0;
v0x56357bc8ae50_0 .var "b", 3 0;
v0x56357bc8af20_0 .var "is_signed", 0 0;
v0x56357bc8b020_0 .net "overflow", 0 0, v0x56357bc8a970_0;  1 drivers
v0x56357bc8b0f0_0 .net "product", 7 0, L_0x56357bc8b8a0;  1 drivers
S_0x56357bc32cf0 .scope module, "uut" "multiplier" 3 48, 3 2 0, S_0x56357bc6fc60;
 .timescale 0 0;
    .port_info 0 /INPUT 4 "a";
    .port_info 1 /INPUT 4 "b";
    .port_info 2 /INPUT 1 "is_signed";
    .port_info 3 /OUTPUT 8 "product";
    .port_info 4 /OUTPUT 1 "overflow";
P_0x56357bc32ed0 .param/l "WIDTH" 0 3 2, +C4<00000000000000000000000000000100>;
v0x56357bc32f70_0 .net *"_ivl_0", 7 0, L_0x56357bc8b190;  1 drivers
v0x56357bc8a260_0 .net/s *"_ivl_10", 7 0, L_0x56357bc8b580;  1 drivers
v0x56357bc8a340_0 .net/s *"_ivl_12", 7 0, L_0x56357bc8b650;  1 drivers
L_0x7fecb0db7018 .functor BUFT 1, C4<0000>, C4<0>, C4<0>, C4<0>;
v0x56357bc8a400_0 .net *"_ivl_3", 3 0, L_0x7fecb0db7018;  1 drivers
v0x56357bc8a4e0_0 .net *"_ivl_4", 7 0, L_0x56357bc8b300;  1 drivers
L_0x7fecb0db7060 .functor BUFT 1, C4<0000>, C4<0>, C4<0>, C4<0>;
v0x56357bc8a610_0 .net *"_ivl_7", 3 0, L_0x7fecb0db7060;  1 drivers
v0x56357bc8a6f0_0 .net "a", 3 0, v0x56357bc8ad70_0;  1 drivers
v0x56357bc8a7d0_0 .net "b", 3 0, v0x56357bc8ae50_0;  1 drivers
v0x56357bc8a8b0_0 .net "is_signed", 0 0, v0x56357bc8af20_0;  1 drivers
v0x56357bc8a970_0 .var "overflow", 0 0;
v0x56357bc8aa30_0 .net "product", 7 0, L_0x56357bc8b8a0;  alias, 1 drivers
v0x56357bc8ab10_0 .net "signed_prod", 7 0, L_0x56357bc8b6f0;  1 drivers
v0x56357bc8abf0_0 .net "unsigned_prod", 7 0, L_0x56357bc8b440;  1 drivers
E_0x56357bc6d6b0 .event edge, v0x56357bc8a8b0_0, v0x56357bc8aa30_0, v0x56357bc8aa30_0;
L_0x56357bc8b190 .concat [ 4 4 0 0], v0x56357bc8ad70_0, L_0x7fecb0db7018;
L_0x56357bc8b300 .concat [ 4 4 0 0], v0x56357bc8ae50_0, L_0x7fecb0db7060;
L_0x56357bc8b440 .arith/mult 8, L_0x56357bc8b190, L_0x56357bc8b300;
L_0x56357bc8b580 .extend/s 8, v0x56357bc8ad70_0;
L_0x56357bc8b650 .extend/s 8, v0x56357bc8ae50_0;
L_0x56357bc8b6f0 .arith/mult 8, L_0x56357bc8b580, L_0x56357bc8b650;
L_0x56357bc8b8a0 .functor MUXZ 8, L_0x56357bc8b440, L_0x56357bc8b6f0, v0x56357bc8af20_0, C4<>;
    .scope S_0x56357bc32cf0;
T_0 ;
Ewait_0 .event/or E_0x56357bc6d6b0, E_0x0;
    %wait Ewait_0;
    %load/vec4 v0x56357bc8a8b0_0;
    %flag_set/vec4 8;
    %jmp/0xz  T_0.0, 8;
    %load/vec4 v0x56357bc8aa30_0;
    %parti/s 4, 4, 4;
    %load/vec4 v0x56357bc8aa30_0;
    %parti/s 1, 3, 3;
    %replicate 4;
    %cmp/ne;
    %flag_get/vec4 4;
    %store/vec4 v0x56357bc8a970_0, 0, 1;
    %jmp T_0.1;
T_0.0 ;
    %load/vec4 v0x56357bc8aa30_0;
    %parti/s 4, 4, 4;
    %pushi/vec4 0, 0, 4;
    %cmp/ne;
    %flag_get/vec4 4;
    %store/vec4 v0x56357bc8a970_0, 0, 1;
T_0.1 ;
    %jmp T_0;
    .thread T_0, $push;
    .scope S_0x56357bc6fc60;
T_1 ;
    %vpi_call/w 3 54 "$dumpfile", "multiplier.vcd" {0 0 0};
    %vpi_call/w 3 55 "$dumpvars", 32'sb00000000000000000000000000000000, S_0x56357bc6fc60 {0 0 0};
    %vpi_call/w 3 57 "$display", "Time\011a    b    signed? | product   overflow" {0 0 0};
    %vpi_call/w 3 58 "$display", "----------------------------------------" {0 0 0};
    %pushi/vec4 3, 0, 4;
    %store/vec4 v0x56357bc8ad70_0, 0, 4;
    %pushi/vec4 2, 0, 4;
    %store/vec4 v0x56357bc8ae50_0, 0, 4;
    %pushi/vec4 0, 0, 1;
    %store/vec4 v0x56357bc8af20_0, 0, 1;
    %delay 10, 0;
    %vpi_call/w 3 62 "$display", "%0t\011%b  %b    %b       | %b   %b", $time, v0x56357bc8ad70_0, v0x56357bc8ae50_0, v0x56357bc8af20_0, v0x56357bc8b0f0_0, v0x56357bc8b020_0 {0 0 0};
    %pushi/vec4 15, 0, 4;
    %store/vec4 v0x56357bc8ad70_0, 0, 4;
    %pushi/vec4 2, 0, 4;
    %store/vec4 v0x56357bc8ae50_0, 0, 4;
    %pushi/vec4 0, 0, 1;
    %store/vec4 v0x56357bc8af20_0, 0, 1;
    %delay 10, 0;
    %vpi_call/w 3 66 "$display", "%0t\011%b  %b    %b       | %b   %b", $time, v0x56357bc8ad70_0, v0x56357bc8ae50_0, v0x56357bc8af20_0, v0x56357bc8b0f0_0, v0x56357bc8b020_0 {0 0 0};
    %pushi/vec4 13, 0, 4;
    %store/vec4 v0x56357bc8ad70_0, 0, 4;
    %pushi/vec4 2, 0, 4;
    %store/vec4 v0x56357bc8ae50_0, 0, 4;
    %pushi/vec4 1, 0, 1;
    %store/vec4 v0x56357bc8af20_0, 0, 1;
    %delay 10, 0;
    %vpi_call/w 3 70 "$display", "%0t\011%b  %b    %b       | %b   %b", $time, v0x56357bc8ad70_0, v0x56357bc8ae50_0, v0x56357bc8af20_0, v0x56357bc8b0f0_0, v0x56357bc8b020_0 {0 0 0};
    %vpi_call/w 3 72 "$finish" {0 0 0};
    %end;
    .thread T_1;
# The file index is used to find the file name in the following table.
:file_names 4;
    "N/A";
    "<interactive>";
    "-";
    "multiplier.sv";
