OpenROAD v2.0-17598-ga008522d8 
Features included (+) or not (-): +Charts +GPU +GUI +Python : None
This program is licensed under the BSD-3 license. See the LICENSE file for details.
Components of this program may be licensed under more restrictive licenses which must be honored.

==========================================================
== Physical signoff: uart
==========================================================

---- Placement legality ----
Placement check passed: all instances legally placed on-site.

---- Routing completeness ----
Signal/clock nets: 5, unrouted: 0

---- Routing DRC ----
Detailed routing DRC violations: 0 (from uart_route_drc.rpt)

---- Antenna checks ----
[INFO ANT-0002] Found 0 net violations.
[INFO ANT-0001] Found 0 pin violations.

---- Power grid connectivity ----
Instances checked: 416, unconnected power/ground pins: 0

---- Electrical DRV (slew / capacitance / fanout) ----

---- Area and utilization ----
Die  : 65.32 x 68.00 um
Core : 55.20 x 57.12 um
Design area 73 u^2 2% utilization.
Cell type report:                       Count       Area
  Inverter                                  1       3.75
  Sequential cell                           1      26.28
  Total                                     2      30.03

---- Power ----
Group                  Internal  Switching    Leakage      Total
                          Power      Power      Power      Power (Watts)
----------------------------------------------------------------
Sequential           4.3763e-06 3.5306e-07 1.0658e-11 4.7294e-06 100.0%
Combinational        3.3145e-16 6.2170e-16 5.3266e-12 5.3276e-12   0.0%
Clock                0.0000e+00 0.0000e+00 0.0000e+00 0.0000e+00   0.0%
Macro                0.0000e+00 0.0000e+00 0.0000e+00 0.0000e+00   0.0%
Pad                  0.0000e+00 0.0000e+00 0.0000e+00 0.0000e+00   0.0%
----------------------------------------------------------------
Total                4.3763e-06 3.5306e-07 1.5985e-11 4.7294e-06 100.0%
                          92.5%       7.5%       0.0%

Signoff checks complete for uart
