OpenROAD v2.0-17598-ga008522d8 
Features included (+) or not (-): +Charts +GPU +GUI +Python : None
This program is licensed under the BSD-3 license. See the LICENSE file for details.
Components of this program may be licensed under more restrictive licenses which must be honored.
[INFO ORD-0030] Using 8 thread(s).

==========================================================
== Reading uart against sky130hd
==========================================================

[INFO ODB-0227] LEF file: /home/mirafra/opt/orfs/flow/platforms/sky130hd/lef/sky130_fd_sc_hd.tlef, created 13 layers, 25 vias
[INFO ODB-0227] LEF file: /home/mirafra/opt/orfs/flow/platforms/sky130hd/lef/sky130_fd_sc_hd_merged.lef, created 441 library cells

==========================================================
== Floorplan
==========================================================

  2 instances, 28.78 um^2 of cells, target utilization 40%
  die 65.32 x 68.00 um, core 55.20 x 57.12 um (margin 5.06 x 5.44)
[INFO IFP-0001] Added 21 rows of 120 site unithd.

==========================================================
== I/O pin placement
==========================================================

Found 0 macro blocks.
Using 2 tracks default min distance between IO pins.
[INFO PPL-0001] Number of slots           238
[INFO PPL-0002] Number of I/O             4
[INFO PPL-0003] Number of I/O w/sink      4
[INFO PPL-0004] Number of I/O w/o sink    0
[INFO PPL-0005] Slots per section         200
[INFO PPL-0008] Successfully assigned pins to sections.
[INFO PPL-0012] I/O nets HPWL: 136.08 um.

==========================================================
== Tapcells and well ties
==========================================================

[INFO TAP-0005] Inserted 34 tapcells.

==========================================================
== Power distribution network
==========================================================

[INFO PDN-0001] Inserting grid: grid

==========================================================
== Global placement
==========================================================

[INFO GPL-0002] DBU: 1000
[INFO GPL-0003] SiteSize: (  0.460  2.720 ) um
[INFO GPL-0004] CoreBBox: (  5.060  5.440 ) ( 60.260 62.560 ) um
[INFO GPL-0006] NumInstances:                36
[INFO GPL-0007] NumPlaceInstances:            2
[INFO GPL-0008] NumFixedInstances:           34
[INFO GPL-0009] NumDummyInstances:            0
[INFO GPL-0010] NumNets:                      5
[INFO GPL-0011] NumPins:                     10
[INFO GPL-0012] DieBBox:  (  0.000  0.000 ) ( 65.320 68.000 ) um
[INFO GPL-0013] CoreBBox: (  5.060  5.440 ) ( 60.260 62.560 ) um
[INFO GPL-0016] CoreArea:              3153.024 um^2
[INFO GPL-0017] NonPlaceInstsArea:       42.541 um^2
[INFO GPL-0018] PlaceInstsArea:          38.787 um^2
[INFO GPL-0019] Util:                     1.247 %
[INFO GPL-0020] StdInstsArea:            38.787 um^2
[INFO GPL-0021] MacroInstsArea:           0.000 um^2
[InitialPlace]  Iter: 1 CG residual: 0.00000000 HPWL: 176140
[InitialPlace]  Iter: 2 CG residual: 0.00000000 HPWL: 54474
[InitialPlace]  Iter: 3 CG residual: 0.00000000 HPWL: 54056
[InitialPlace]  Iter: 4 CG residual: 0.00000000 HPWL: 54195
[InitialPlace]  Iter: 5 CG residual: 0.00000000 HPWL: 54259
[INFO GPL-0031] FillerInit:NumGCells:       210
[INFO GPL-0032] FillerInit:NumGNets:          5
[INFO GPL-0033] FillerInit:NumGPins:         10
[INFO GPL-0023] TargetDensity:            0.600
[INFO GPL-0024] AvrgPlaceInstArea:       19.394 um^2
[INFO GPL-0025] IdealBinArea:            32.323 um^2
[INFO GPL-0026] IdealBinCnt:                 97
[INFO GPL-0027] TotalBinArea:          3153.024 um^2
[INFO GPL-0028] BinCnt:         8      8
[INFO GPL-0029] BinSize: (  6.900  7.140 )
[INFO GPL-0030] NumBins: 64
[NesterovSolve] Iter:    1 overflow: 0.000 HPWL: 42600
[NesterovSolve] Finished with Overflow: 0.000000

==========================================================
== Design repair (buffering, sizing, fanout)
==========================================================

[INFO RSZ-0058] Using max wire length 1847um.
[INFO RSZ-0039] Resized 2 instances.

==========================================================
== Detailed placement
==========================================================

Placement Analysis
---------------------------------
total displacement          2.4 u
average displacement        0.1 u
max displacement            2.4 u
original HPWL              43.7 u
legalized HPWL             46.9 u
delta HPWL                    7 %


==========================================================
== Clock tree synthesis
==========================================================

[INFO CTS-0050] Root buffer is sky130_fd_sc_hd__clkbuf_4.
[INFO CTS-0051] Sink buffer is sky130_fd_sc_hd__clkbuf_4.
[INFO CTS-0052] The following clock buffers will be used for CTS:
                    sky130_fd_sc_hd__clkbuf_4
[INFO CTS-0049] Characterization buffer is sky130_fd_sc_hd__clkbuf_4.
[INFO CTS-0007] Net "clk" found for clock "core_clk".
[WARNING CTS-0041] Net "clk" has 1 sinks. Skipping...
[WARNING CTS-0083] No clock nets have been found.
[INFO CTS-0008] TritonCTS found 0 clock nets.
[WARNING CTS-0082] No valid clock nets in the design.
[INFO RSZ-0058] Using max wire length 1847um.
Placement Analysis
---------------------------------
total displacement          0.0 u
average displacement        0.0 u
max displacement            0.0 u
original HPWL              46.9 u
legalized HPWL             46.9 u
delta HPWL                    0 %


==========================================================
== Global routing
==========================================================

[INFO GRT-0020] Min routing layer: met1
[INFO GRT-0021] Max routing layer: met5
[INFO GRT-0022] Global adjustment: 0%
[INFO GRT-0023] Grid origin: (0, 0)
[INFO GRT-0043] No OR_DEFAULT vias defined.
[INFO GRT-0088] Layer li1     Track-Pitch = 0.4600  line-2-Via Pitch: 0.3400
[INFO GRT-0088] Layer met1    Track-Pitch = 0.3400  line-2-Via Pitch: 0.3400
[INFO GRT-0088] Layer met2    Track-Pitch = 0.4600  line-2-Via Pitch: 0.3500
[INFO GRT-0088] Layer met3    Track-Pitch = 0.6800  line-2-Via Pitch: 0.6150
[INFO GRT-0088] Layer met4    Track-Pitch = 0.9200  line-2-Via Pitch: 1.0400
[INFO GRT-0088] Layer met5    Track-Pitch = 3.4000  line-2-Via Pitch: 3.1100
[INFO GRT-0019] Found 1 clock nets.
[INFO GRT-0001] Minimum degree: 2
[INFO GRT-0002] Maximum degree: 2
[INFO GRT-0003] Macros: 0
[INFO GRT-0043] No OR_DEFAULT vias defined.
[INFO GRT-0004] Blockages: 14

[INFO GRT-0053] Routing resources analysis:
          Routing      Original      Derated      Resource
Layer     Direction    Resources     Resources    Reduction (%)
---------------------------------------------------------------
li1        Vertical            0             0          0.00%
met1       Horizontal       1773           960          45.85%
met2       Vertical         1278           904          29.26%
met3       Horizontal        882           624          29.25%
met4       Vertical          531           290          45.39%
met5       Horizontal        171            72          57.89%
---------------------------------------------------------------

[INFO GRT-0197] Via related to pin nodes: 10
[INFO GRT-0198] Via related Steiner nodes: 0
[INFO GRT-0199] Via filling finished.
[INFO GRT-0111] Final number of vias: 16
[INFO GRT-0112] Final usage 3D: 54

[INFO GRT-0096] Final congestion report:
Layer         Resource        Demand        Usage (%)    Max H / Max V / Total Overflow
---------------------------------------------------------------------------------------
li1                  0             0            0.00%             0 /  0 /  0
met1               960             1            0.10%             0 /  0 /  0
met2               904             2            0.22%             0 /  0 /  0
met3               624             3            0.48%             0 /  0 /  0
met4               290             0            0.00%             0 /  0 /  0
met5                72             0            0.00%             0 /  0 /  0
---------------------------------------------------------------------------------------
Total             2850             6            0.21%             0 /  0 /  0

[INFO GRT-0018] Total wirelength: 75 um
[INFO GRT-0014] Routed nets: 5

==========================================================
== Antenna repair
==========================================================

[INFO GRT-0006] Repairing antennas, iteration 1.
[INFO GRT-0043] No OR_DEFAULT vias defined.
[INFO GRT-0012] Found 0 antenna violations.
Placement Analysis
---------------------------------
total displacement          0.0 u
average displacement        0.0 u
max displacement            0.0 u
original HPWL              46.9 u
legalized HPWL             46.9 u
delta HPWL                    0 %


==========================================================
== Detailed routing
==========================================================

[WARNING DRT-0349] LEF58_ENCLOSURE with no CUTCLASS is not supported. Skipping for layer mcon
[WARNING DRT-0349] LEF58_ENCLOSURE with no CUTCLASS is not supported. Skipping for layer mcon
[WARNING DRT-0349] LEF58_ENCLOSURE with no CUTCLASS is not supported. Skipping for layer via
[WARNING DRT-0349] LEF58_ENCLOSURE with no CUTCLASS is not supported. Skipping for layer via
[WARNING DRT-0349] LEF58_ENCLOSURE with no CUTCLASS is not supported. Skipping for layer via2
[WARNING DRT-0349] LEF58_ENCLOSURE with no CUTCLASS is not supported. Skipping for layer via2
[WARNING DRT-0349] LEF58_ENCLOSURE with no CUTCLASS is not supported. Skipping for layer via3
[WARNING DRT-0349] LEF58_ENCLOSURE with no CUTCLASS is not supported. Skipping for layer via3
[WARNING DRT-0349] LEF58_ENCLOSURE with no CUTCLASS is not supported. Skipping for layer via4
[WARNING DRT-0349] LEF58_ENCLOSURE with no CUTCLASS is not supported. Skipping for layer via4
[WARNING DRT-0422] No routing tracks pass through the center of Term VSS.
[WARNING DRT-0422] No routing tracks pass through the center of Term VDD.
[INFO DRT-0167] List of default vias:
  Layer via
    default via: M1M2_PR
  Layer via2
    default via: M2M3_PR
  Layer via3
    default via: M3M4_PR
  Layer via4
    default via: M4M5_PR
[INFO DRT-0168] Init region query.
[INFO DRT-0033] FR_MASTERSLICE shape region query size = 0.
[INFO DRT-0033] FR_VIA shape region query size = 0.
[INFO DRT-0033] li1 shape region query size = 224.
[INFO DRT-0033] mcon shape region query size = 125.
[INFO DRT-0033] met1 shape region query size = 152.
[INFO DRT-0033] via shape region query size = 220.
[INFO DRT-0033] met2 shape region query size = 132.
[INFO DRT-0033] via2 shape region query size = 176.
[INFO DRT-0033] met3 shape region query size = 136.
[INFO DRT-0033] via3 shape region query size = 176.
[INFO DRT-0033] met4 shape region query size = 56.
[INFO DRT-0033] via4 shape region query size = 8.
[INFO DRT-0033] met5 shape region query size = 16.
[INFO DRT-0178] Init guide query.
[INFO DRT-0036] FR_MASTERSLICE guide region query size = 0.
[INFO DRT-0036] FR_VIA guide region query size = 0.
[INFO DRT-0036] li1 guide region query size = 5.
[INFO DRT-0036] mcon guide region query size = 0.
[INFO DRT-0036] met1 guide region query size = 4.
[INFO DRT-0036] via guide region query size = 0.
[INFO DRT-0036] met2 guide region query size = 4.
[INFO DRT-0036] via2 guide region query size = 0.
[INFO DRT-0036] met3 guide region query size = 4.
[INFO DRT-0036] via3 guide region query size = 0.
[INFO DRT-0036] met4 guide region query size = 0.
[INFO DRT-0036] via4 guide region query size = 0.
[INFO DRT-0036] met5 guide region query size = 0.
[INFO DRT-0179] Init gr pin query.

==========================================================
== Antenna verification
==========================================================

[INFO ANT-0002] Found 0 net violations.
[INFO ANT-0001] Found 0 pin violations.

==========================================================
== Filler placement
==========================================================

[INFO DPL-0001] Placed 380 filler instances.

==========================================================
== Parasitic extraction (OpenRCX)
==========================================================

[INFO RCX-0431] Defined process_corner X with ext_model_index 0
[INFO RCX-0029] Defined extraction corner X
[INFO RCX-0435] Reading extraction model file /home/mirafra/opt/orfs/flow/platforms/sky130hd/rcx_patterns.rules ...
[INFO RCX-0436] RC segment generation uart (max_merge_res 50.0) ...
[INFO RCX-0040] Final 5 rc segments
[INFO RCX-0439] Coupling Cap extraction uart ...
[INFO RCX-0440] Coupling threshhold is 0.1000 fF, coupling capacitance less than 0.1000 fF will be grounded.
[INFO RCX-0442] 93% of 129 wires extracted
[INFO RCX-0442] 100% of 129 wires extracted
[INFO RCX-0045] Extract 5 nets, 10 rsegs, 10 caps, 4 ccs
[INFO RCX-0443] 5 nets finished
SPEF written: results/pnr/uart.spef

==========================================================
== Post-route reports
==========================================================

---- Design area ----
Design area 73 u^2 2% utilization.

---- Cell usage ----
Cell type report:                       Count       Area
  Inverter                                  1       3.75
  Sequential cell                           1      26.28
  Total                                     2      30.03

---- Timing (setup) ----
Startpoint: _2_ (rising edge-triggered flip-flop clocked by core_clk)
Endpoint: data_out (output port clocked by core_clk)
Path Group: core_clk
Path Type: max

   Delay     Time   Description
-----------------------------------------------------------
   0.000    0.000   clock core_clk (rise edge)
   0.000    0.000   clock source latency
   0.000    0.000 ^ clk (in)
   0.000    0.000 ^ _2_/CLK (sky130_fd_sc_hd__dfrtp_2)
   0.433    0.433 v _2_/Q (sky130_fd_sc_hd__dfrtp_2)
   0.001    0.434 v data_out (out)
            0.434   data arrival time

  10.000   10.000   clock core_clk (rise edge)
   0.000   10.000   clock network delay (propagated)
  -0.250    9.750   clock uncertainty
   0.000    9.750   clock reconvergence pessimism
  -2.000    7.750   output external delay
            7.750   data required time
-----------------------------------------------------------
            7.750   data required time
           -0.434   data arrival time
-----------------------------------------------------------
            7.316   slack (MET)



---- Timing (hold) ----
Startpoint: data_in (input port clocked by core_clk)
Endpoint: _2_ (rising edge-triggered flip-flop clocked by core_clk)
Path Group: core_clk
Path Type: min

   Delay     Time   Description
-----------------------------------------------------------
   0.000    0.000   clock core_clk (rise edge)
   0.000    0.000   clock network delay (propagated)
   2.000    2.000 v input external delay
   0.037    2.037 v data_in (in)
   0.000    2.037 v _2_/D (sky130_fd_sc_hd__dfrtp_2)
            2.037   data arrival time

   0.000    0.000   clock core_clk (rise edge)
   0.000    0.000   clock source latency
   0.000    0.000 ^ clk (in)
   0.000    0.000 ^ _2_/CLK (sky130_fd_sc_hd__dfrtp_2)
   0.250    0.250   clock uncertainty
   0.000    0.250   clock reconvergence pessimism
  -0.054    0.196   library hold time
            0.196   data required time
-----------------------------------------------------------
            0.196   data required time
           -2.037   data arrival time
-----------------------------------------------------------
            1.841   slack (MET)



---- Slack summary ----
worst slack 7.316
worst slack 1.841
tns 0.000
wns 0.000

---- Clock skew ----
Clock core_clk
No launch/capture paths found.


---- Design rule checks (slew / cap / fanout) ----

---- Power ----
Group                  Internal  Switching    Leakage      Total
                          Power      Power      Power      Power (Watts)
----------------------------------------------------------------
Sequential            4.377e-06  4.209e-07  1.066e-11  4.798e-06 100.0%
Combinational         3.328e-16  7.143e-16  5.327e-12  5.328e-12   0.0%
Clock                 0.000e+00  0.000e+00  0.000e+00  0.000e+00   0.0%
Macro                 0.000e+00  0.000e+00  0.000e+00  0.000e+00   0.0%
Pad                   0.000e+00  0.000e+00  0.000e+00  0.000e+00   0.0%
----------------------------------------------------------------
Total                 4.377e-06  4.209e-07  1.599e-11  4.798e-06 100.0%
                          91.2%       8.8%       0.0%

==========================================================
== Writing results
==========================================================


Place and route complete for uart -> results/pnr
