#! /usr/bin/vvp
:ivl_version "11.0 (stable)";
:ivl_delay_selection "TYPICAL";
:vpi_time_precision + 0;
:vpi_module "/usr/lib/x86_64-linux-gnu/ivl/system.vpi";
:vpi_module "/usr/lib/x86_64-linux-gnu/ivl/vhdl_sys.vpi";
:vpi_module "/usr/lib/x86_64-linux-gnu/ivl/vhdl_textio.vpi";
:vpi_module "/usr/lib/x86_64-linux-gnu/ivl/v2005_math.vpi";
:vpi_module "/usr/lib/x86_64-linux-gnu/ivl/va_math.vpi";
:vpi_module "/usr/lib/x86_64-linux-gnu/ivl/v2009.vpi";
S_0x5636a0cde710 .scope package, "$unit" "$unit" 2 1;
 .timescale 0 0;
S_0x5636a0cf2020 .scope module, "tb_decoder" "tb_decoder" 3 22;
 .timescale 0 0;
v0x5636a0d02c80_0 .var "a", 1 0;
v0x5636a0d02d40_0 .net "y", 3 0, v0x5636a0cb9ba0_0;  1 drivers
S_0x5636a0cf21b0 .scope module, "uut" "decoder_2to4" 3 26, 3 4 0, S_0x5636a0cf2020;
 .timescale 0 0;
    .port_info 0 /INPUT 2 "a";
    .port_info 1 /OUTPUT 4 "y";
v0x5636a0cb97b0_0 .net "a", 1 0, v0x5636a0d02c80_0;  1 drivers
v0x5636a0cb9ba0_0 .var "y", 3 0;
E_0x5636a0cb8810 .event edge, v0x5636a0cb97b0_0;
    .scope S_0x5636a0cf21b0;
T_0 ;
Ewait_0 .event/or E_0x5636a0cb8810, E_0x0;
    %wait Ewait_0;
    %load/vec4 v0x5636a0cb97b0_0;
    %dup/vec4;
    %pushi/vec4 0, 0, 2;
    %cmp/u;
    %jmp/1 T_0.0, 6;
    %dup/vec4;
    %pushi/vec4 1, 0, 2;
    %cmp/u;
    %jmp/1 T_0.1, 6;
    %dup/vec4;
    %pushi/vec4 2, 0, 2;
    %cmp/u;
    %jmp/1 T_0.2, 6;
    %dup/vec4;
    %pushi/vec4 3, 0, 2;
    %cmp/u;
    %jmp/1 T_0.3, 6;
    %pushi/vec4 0, 0, 4;
    %store/vec4 v0x5636a0cb9ba0_0, 0, 4;
    %jmp T_0.5;
T_0.0 ;
    %pushi/vec4 1, 0, 4;
    %store/vec4 v0x5636a0cb9ba0_0, 0, 4;
    %jmp T_0.5;
T_0.1 ;
    %pushi/vec4 2, 0, 4;
    %store/vec4 v0x5636a0cb9ba0_0, 0, 4;
    %jmp T_0.5;
T_0.2 ;
    %pushi/vec4 4, 0, 4;
    %store/vec4 v0x5636a0cb9ba0_0, 0, 4;
    %jmp T_0.5;
T_0.3 ;
    %pushi/vec4 8, 0, 4;
    %store/vec4 v0x5636a0cb9ba0_0, 0, 4;
    %jmp T_0.5;
T_0.5 ;
    %pop/vec4 1;
    %jmp T_0;
    .thread T_0, $push;
    .scope S_0x5636a0cf2020;
T_1 ;
    %vpi_call/w 3 29 "$dumpfile", "decoder.vcd" {0 0 0};
    %vpi_call/w 3 30 "$dumpvars", 32'sb00000000000000000000000000000000, S_0x5636a0cf2020 {0 0 0};
    %pushi/vec4 2, 0, 2;
    %store/vec4 v0x5636a0d02c80_0, 0, 2;
    %delay 10, 0;
    %vpi_call/w 3 34 "$display", "RESULT:%b,%b", v0x5636a0d02c80_0, v0x5636a0d02d40_0 {0 0 0};
    %vpi_call/w 3 35 "$finish" {0 0 0};
    %end;
    .thread T_1;
# The file index is used to find the file name in the following table.
:file_names 4;
    "N/A";
    "<interactive>";
    "-";
    "decoder.sv";
