#! /usr/bin/vvp
:ivl_version "11.0 (stable)";
:ivl_delay_selection "TYPICAL";
:vpi_time_precision + 0;
:vpi_module "/usr/lib/x86_64-linux-gnu/ivl/system.vpi";
:vpi_module "/usr/lib/x86_64-linux-gnu/ivl/vhdl_sys.vpi";
:vpi_module "/usr/lib/x86_64-linux-gnu/ivl/vhdl_textio.vpi";
:vpi_module "/usr/lib/x86_64-linux-gnu/ivl/v2005_math.vpi";
:vpi_module "/usr/lib/x86_64-linux-gnu/ivl/va_math.vpi";
:vpi_module "/usr/lib/x86_64-linux-gnu/ivl/v2009.vpi";
S_0x5643c5f07ee0 .scope package, "$unit" "$unit" 2 1;
 .timescale 0 0;
S_0x5643c5f0d150 .scope module, "tb_combinational" "tb_combinational" 3 56;
 .timescale 0 0;
v0x5643c5f39ce0_0 .var "cmp_a", 7 0;
v0x5643c5f39dc0_0 .var "cmp_b", 7 0;
v0x5643c5f39e90_0 .net "cmp_eq", 0 0, L_0x5643c5f3a630;  1 drivers
v0x5643c5f39f90_0 .net "cmp_gt", 0 0, L_0x5643c5f3a770;  1 drivers
v0x5643c5f3a060_0 .net "cmp_lt", 0 0, L_0x5643c5f3a860;  1 drivers
v0x5643c5f3a150_0 .var "dec_a", 1 0;
v0x5643c5f3a220_0 .net "dec_y", 3 0, v0x5643c5f39610_0;  1 drivers
v0x5643c5f3a2f0_0 .var "m_a", 0 0;
v0x5643c5f3a3c0_0 .var "m_b", 0 0;
v0x5643c5f3a490_0 .var "m_sel", 0 0;
v0x5643c5f3a560_0 .net "m_y", 0 0, v0x5643c5f39b70_0;  1 drivers
S_0x5643c5eddcf0 .scope module, "u_cmp" "comparator" 3 71, 3 39 0, S_0x5643c5f0d150;
 .timescale 0 0;
    .port_info 0 /INPUT 8 "a";
    .port_info 1 /INPUT 8 "b";
    .port_info 2 /OUTPUT 1 "equal";
    .port_info 3 /OUTPUT 1 "greater";
    .port_info 4 /OUTPUT 1 "less";
v0x5643c5edde80_0 .net "a", 7 0, v0x5643c5f39ce0_0;  1 drivers
v0x5643c5f38ee0_0 .net "b", 7 0, v0x5643c5f39dc0_0;  1 drivers
v0x5643c5f38fc0_0 .net "equal", 0 0, L_0x5643c5f3a630;  alias, 1 drivers
v0x5643c5f39060_0 .net "greater", 0 0, L_0x5643c5f3a770;  alias, 1 drivers
v0x5643c5f39120_0 .net "less", 0 0, L_0x5643c5f3a860;  alias, 1 drivers
L_0x5643c5f3a630 .cmp/eq 8, v0x5643c5f39ce0_0, v0x5643c5f39dc0_0;
L_0x5643c5f3a770 .cmp/gt 8, v0x5643c5f39ce0_0, v0x5643c5f39dc0_0;
L_0x5643c5f3a860 .cmp/gt 8, v0x5643c5f39dc0_0, v0x5643c5f39ce0_0;
S_0x5643c5f392d0 .scope module, "u_dec" "decoder_2to4" 3 69, 3 4 0, S_0x5643c5f0d150;
 .timescale 0 0;
    .port_info 0 /INPUT 2 "a";
    .port_info 1 /OUTPUT 4 "y";
v0x5643c5f39510_0 .net "a", 1 0, v0x5643c5f3a150_0;  1 drivers
v0x5643c5f39610_0 .var "y", 3 0;
E_0x5643c5f1aec0 .event edge, v0x5643c5f39510_0;
S_0x5643c5f39750 .scope module, "u_mux" "mux_if" 3 70, 3 22 0, S_0x5643c5f0d150;
 .timescale 0 0;
    .port_info 0 /INPUT 1 "a";
    .port_info 1 /INPUT 1 "b";
    .port_info 2 /INPUT 1 "sel";
    .port_info 3 /OUTPUT 1 "y";
v0x5643c5f39950_0 .net "a", 0 0, v0x5643c5f3a2f0_0;  1 drivers
v0x5643c5f39a10_0 .net "b", 0 0, v0x5643c5f3a3c0_0;  1 drivers
v0x5643c5f39ad0_0 .net "sel", 0 0, v0x5643c5f3a490_0;  1 drivers
v0x5643c5f39b70_0 .var "y", 0 0;
E_0x5643c5f01ef0 .event edge, v0x5643c5f39ad0_0, v0x5643c5f39950_0, v0x5643c5f39a10_0;
    .scope S_0x5643c5f392d0;
T_0 ;
Ewait_0 .event/or E_0x5643c5f1aec0, E_0x0;
    %wait Ewait_0;
    %load/vec4 v0x5643c5f39510_0;
    %dup/vec4;
    %pushi/vec4 0, 0, 2;
    %cmp/u;
    %jmp/1 T_0.0, 6;
    %dup/vec4;
    %pushi/vec4 1, 0, 2;
    %cmp/u;
    %jmp/1 T_0.1, 6;
    %dup/vec4;
    %pushi/vec4 2, 0, 2;
    %cmp/u;
    %jmp/1 T_0.2, 6;
    %dup/vec4;
    %pushi/vec4 3, 0, 2;
    %cmp/u;
    %jmp/1 T_0.3, 6;
    %pushi/vec4 0, 0, 4;
    %store/vec4 v0x5643c5f39610_0, 0, 4;
    %jmp T_0.5;
T_0.0 ;
    %pushi/vec4 1, 0, 4;
    %store/vec4 v0x5643c5f39610_0, 0, 4;
    %jmp T_0.5;
T_0.1 ;
    %pushi/vec4 2, 0, 4;
    %store/vec4 v0x5643c5f39610_0, 0, 4;
    %jmp T_0.5;
T_0.2 ;
    %pushi/vec4 4, 0, 4;
    %store/vec4 v0x5643c5f39610_0, 0, 4;
    %jmp T_0.5;
T_0.3 ;
    %pushi/vec4 8, 0, 4;
    %store/vec4 v0x5643c5f39610_0, 0, 4;
    %jmp T_0.5;
T_0.5 ;
    %pop/vec4 1;
    %jmp T_0;
    .thread T_0, $push;
    .scope S_0x5643c5f39750;
T_1 ;
Ewait_1 .event/or E_0x5643c5f01ef0, E_0x0;
    %wait Ewait_1;
    %load/vec4 v0x5643c5f39ad0_0;
    %cmpi/e 0, 0, 1;
    %jmp/0xz  T_1.0, 4;
    %load/vec4 v0x5643c5f39950_0;
    %store/vec4 v0x5643c5f39b70_0, 0, 1;
    %jmp T_1.1;
T_1.0 ;
    %load/vec4 v0x5643c5f39a10_0;
    %store/vec4 v0x5643c5f39b70_0, 0, 1;
T_1.1 ;
    %jmp T_1;
    .thread T_1, $push;
    .scope S_0x5643c5f0d150;
T_2 ;
    %vpi_call/w 3 74 "$dumpfile", "combined.vcd" {0 0 0};
    %vpi_call/w 3 75 "$dumpvars", 32'sb00000000000000000000000000000000, S_0x5643c5f0d150 {0 0 0};
    %vpi_call/w 3 77 "$display", "=== Testing 2-to-4 Decoder ===" {0 0 0};
    %pushi/vec4 0, 0, 2;
    %store/vec4 v0x5643c5f3a150_0, 0, 2;
    %delay 10, 0;
    %vpi_call/w 3 78 "$display", "a=%b -> y=%b", v0x5643c5f3a150_0, v0x5643c5f3a220_0 {0 0 0};
    %pushi/vec4 1, 0, 2;
    %store/vec4 v0x5643c5f3a150_0, 0, 2;
    %delay 10, 0;
    %vpi_call/w 3 79 "$display", "a=%b -> y=%b", v0x5643c5f3a150_0, v0x5643c5f3a220_0 {0 0 0};
    %pushi/vec4 2, 0, 2;
    %store/vec4 v0x5643c5f3a150_0, 0, 2;
    %delay 10, 0;
    %vpi_call/w 3 80 "$display", "a=%b -> y=%b", v0x5643c5f3a150_0, v0x5643c5f3a220_0 {0 0 0};
    %pushi/vec4 3, 0, 2;
    %store/vec4 v0x5643c5f3a150_0, 0, 2;
    %delay 10, 0;
    %vpi_call/w 3 81 "$display", "a=%b -> y=%b", v0x5643c5f3a150_0, v0x5643c5f3a220_0 {0 0 0};
    %vpi_call/w 3 83 "$display", "\012=== Testing Mux (if-else) ===" {0 0 0};
    %pushi/vec4 0, 0, 1;
    %store/vec4 v0x5643c5f3a2f0_0, 0, 1;
    %pushi/vec4 1, 0, 1;
    %store/vec4 v0x5643c5f3a3c0_0, 0, 1;
    %pushi/vec4 0, 0, 1;
    %store/vec4 v0x5643c5f3a490_0, 0, 1;
    %delay 10, 0;
    %vpi_call/w 3 85 "$display", "sel=%b (a=%b, b=%b) -> y=%b", v0x5643c5f3a490_0, v0x5643c5f3a2f0_0, v0x5643c5f3a3c0_0, v0x5643c5f3a560_0 {0 0 0};
    %pushi/vec4 1, 0, 1;
    %store/vec4 v0x5643c5f3a490_0, 0, 1;
    %delay 10, 0;
    %vpi_call/w 3 86 "$display", "sel=%b (a=%b, b=%b) -> y=%b", v0x5643c5f3a490_0, v0x5643c5f3a2f0_0, v0x5643c5f3a3c0_0, v0x5643c5f3a560_0 {0 0 0};
    %vpi_call/w 3 88 "$display", "\012=== Testing 8-bit Comparator ===" {0 0 0};
    %pushi/vec4 45, 0, 8;
    %store/vec4 v0x5643c5f39ce0_0, 0, 8;
    %pushi/vec4 20, 0, 8;
    %store/vec4 v0x5643c5f39dc0_0, 0, 8;
    %delay 10, 0;
    %vpi_call/w 3 90 "$display", "a=%0d, b=%0d -> Equal=%b, Greater=%b, Less=%b", v0x5643c5f39ce0_0, v0x5643c5f39dc0_0, v0x5643c5f39e90_0, v0x5643c5f39f90_0, v0x5643c5f3a060_0 {0 0 0};
    %pushi/vec4 10, 0, 8;
    %store/vec4 v0x5643c5f39ce0_0, 0, 8;
    %pushi/vec4 10, 0, 8;
    %store/vec4 v0x5643c5f39dc0_0, 0, 8;
    %delay 10, 0;
    %vpi_call/w 3 93 "$display", "a=%0d, b=%0d -> Equal=%b, Greater=%b, Less=%b", v0x5643c5f39ce0_0, v0x5643c5f39dc0_0, v0x5643c5f39e90_0, v0x5643c5f39f90_0, v0x5643c5f3a060_0 {0 0 0};
    %vpi_call/w 3 95 "$finish" {0 0 0};
    %end;
    .thread T_2;
# The file index is used to find the file name in the following table.
:file_names 4;
    "N/A";
    "<interactive>";
    "-";
    "combinational_blocks.sv";
