#! /usr/bin/vvp
:ivl_version "11.0 (stable)";
:ivl_delay_selection "TYPICAL";
:vpi_time_precision + 0;
:vpi_module "/usr/lib/x86_64-linux-gnu/ivl/system.vpi";
:vpi_module "/usr/lib/x86_64-linux-gnu/ivl/vhdl_sys.vpi";
:vpi_module "/usr/lib/x86_64-linux-gnu/ivl/vhdl_textio.vpi";
:vpi_module "/usr/lib/x86_64-linux-gnu/ivl/v2005_math.vpi";
:vpi_module "/usr/lib/x86_64-linux-gnu/ivl/va_math.vpi";
:vpi_module "/usr/lib/x86_64-linux-gnu/ivl/v2009.vpi";
S_0x559fc8399b80 .scope package, "$unit" "$unit" 2 1;
 .timescale 0 0;
S_0x559fc8399d10 .scope module, "tb_encoder" "tb_encoder" 3 28;
 .timescale 0 0;
v0x559fc83ab4f0_0 .var "a", 3 0;
v0x559fc83ab5e0_0 .net "v", 0 0, v0x559fc8360ba0_0;  1 drivers
v0x559fc83ab6b0_0 .net "y", 1 0, v0x559fc83ab3b0_0;  1 drivers
S_0x559fc835ecf0 .scope module, "uut" "encoder_4to2" 3 33, 3 4 0, S_0x559fc8399d10;
 .timescale 0 0;
    .port_info 0 /INPUT 4 "a";
    .port_info 1 /OUTPUT 2 "y";
    .port_info 2 /OUTPUT 1 "v";
v0x559fc83607b0_0 .net "a", 3 0, v0x559fc83ab4f0_0;  1 drivers
v0x559fc8360ba0_0 .var "v", 0 0;
v0x559fc83ab3b0_0 .var "y", 1 0;
E_0x559fc83980e0 .event edge, v0x559fc83607b0_0;
    .scope S_0x559fc835ecf0;
T_0 ;
Ewait_0 .event/or E_0x559fc83980e0, E_0x0;
    %wait Ewait_0;
    %pushi/vec4 0, 0, 2;
    %store/vec4 v0x559fc83ab3b0_0, 0, 2;
    %pushi/vec4 1, 0, 1;
    %store/vec4 v0x559fc8360ba0_0, 0, 1;
    %load/vec4 v0x559fc83607b0_0;
    %dup/vec4;
    %pushi/vec4 1, 0, 4;
    %cmp/u;
    %jmp/1 T_0.0, 6;
    %dup/vec4;
    %pushi/vec4 2, 0, 4;
    %cmp/u;
    %jmp/1 T_0.1, 6;
    %dup/vec4;
    %pushi/vec4 4, 0, 4;
    %cmp/u;
    %jmp/1 T_0.2, 6;
    %dup/vec4;
    %pushi/vec4 8, 0, 4;
    %cmp/u;
    %jmp/1 T_0.3, 6;
    %pushi/vec4 0, 0, 2;
    %store/vec4 v0x559fc83ab3b0_0, 0, 2;
    %pushi/vec4 0, 0, 1;
    %store/vec4 v0x559fc8360ba0_0, 0, 1;
    %jmp T_0.5;
T_0.0 ;
    %pushi/vec4 0, 0, 2;
    %store/vec4 v0x559fc83ab3b0_0, 0, 2;
    %jmp T_0.5;
T_0.1 ;
    %pushi/vec4 1, 0, 2;
    %store/vec4 v0x559fc83ab3b0_0, 0, 2;
    %jmp T_0.5;
T_0.2 ;
    %pushi/vec4 2, 0, 2;
    %store/vec4 v0x559fc83ab3b0_0, 0, 2;
    %jmp T_0.5;
T_0.3 ;
    %pushi/vec4 3, 0, 2;
    %store/vec4 v0x559fc83ab3b0_0, 0, 2;
    %jmp T_0.5;
T_0.5 ;
    %pop/vec4 1;
    %jmp T_0;
    .thread T_0, $push;
    .scope S_0x559fc8399d10;
T_1 ;
    %vpi_call/w 3 36 "$dumpfile", "encoder.vcd" {0 0 0};
    %vpi_call/w 3 37 "$dumpvars", 32'sb00000000000000000000000000000000, S_0x559fc8399d10 {0 0 0};
    %pushi/vec4 4, 0, 4;
    %store/vec4 v0x559fc83ab4f0_0, 0, 4;
    %delay 10, 0;
    %vpi_call/w 3 41 "$display", "RESULT:%b,%b,%b", v0x559fc83ab4f0_0, v0x559fc83ab6b0_0, v0x559fc83ab5e0_0 {0 0 0};
    %vpi_call/w 3 42 "$finish" {0 0 0};
    %end;
    .thread T_1;
# The file index is used to find the file name in the following table.
:file_names 4;
    "N/A";
    "<interactive>";
    "-";
    "encoder.sv";
