#! /usr/bin/vvp
:ivl_version "11.0 (stable)";
:ivl_delay_selection "TYPICAL";
:vpi_time_precision + 0;
:vpi_module "/usr/lib/x86_64-linux-gnu/ivl/system.vpi";
:vpi_module "/usr/lib/x86_64-linux-gnu/ivl/vhdl_sys.vpi";
:vpi_module "/usr/lib/x86_64-linux-gnu/ivl/vhdl_textio.vpi";
:vpi_module "/usr/lib/x86_64-linux-gnu/ivl/v2005_math.vpi";
:vpi_module "/usr/lib/x86_64-linux-gnu/ivl/va_math.vpi";
:vpi_module "/usr/lib/x86_64-linux-gnu/ivl/v2009.vpi";
S_0x55cd2824e150 .scope package, "$unit" "$unit" 2 1;
 .timescale 0 0;
S_0x55cd2824e2e0 .scope module, "tb_alu" "tb_alu" 3 60;
 .timescale 0 0;
P_0x55cd28243b40 .param/l "WIDTH" 0 3 61, +C4<00000000000000000000000000000100>;
v0x55cd28270fc0_0 .var "a", 3 0;
v0x55cd282710a0_0 .var "b", 3 0;
v0x55cd28271140_0 .var "cin", 0 0;
v0x55cd28271210_0 .net "cout_bout", 0 0, v0x55cd28270370_0;  1 drivers
v0x55cd282712e0_0 .net "div_by_zero", 0 0, L_0x55cd28272a70;  1 drivers
v0x55cd28271380_0 .var "is_signed", 0 0;
v0x55cd28271450_0 .var "opcode", 2 0;
v0x55cd28271520_0 .net "overflow", 0 0, v0x55cd28270c20_0;  1 drivers
v0x55cd282715f0_0 .net "result", 7 0, v0x55cd28270ce0_0;  1 drivers
S_0x55cd28209cf0 .scope module, "uut" "alu" 3 68, 3 1 0, S_0x55cd2824e2e0;
 .timescale 0 0;
    .port_info 0 /INPUT 4 "a";
    .port_info 1 /INPUT 4 "b";
    .port_info 2 /INPUT 1 "cin";
    .port_info 3 /INPUT 1 "is_signed";
    .port_info 4 /INPUT 3 "opcode";
    .port_info 5 /OUTPUT 8 "result";
    .port_info 6 /OUTPUT 1 "cout_bout";
    .port_info 7 /OUTPUT 1 "overflow";
    .port_info 8 /OUTPUT 1 "div_by_zero";
P_0x55cd2824e4c0 .param/l "OP_ADD" 1 3 13, C4<001>;
P_0x55cd2824e500 .param/l "OP_DIV" 1 3 16, C4<100>;
P_0x55cd2824e540 .param/l "OP_MUL" 1 3 15, C4<011>;
P_0x55cd2824e580 .param/l "OP_SUB" 1 3 14, C4<010>;
P_0x55cd2824e5c0 .param/l "WIDTH" 0 3 1, +C4<00000000000000000000000000000100>;
L_0x7f423c1b7018 .functor BUFT 1, C4<0>, C4<0>, C4<0>, C4<0>;
v0x55cd2823dba0_0 .net/2u *"_ivl_0", 0 0, L_0x7f423c1b7018;  1 drivers
v0x55cd2826ebc0_0 .net *"_ivl_10", 4 0, L_0x55cd28271b00;  1 drivers
L_0x7f423c1b70a8 .functor BUFT 1, C4<0000>, C4<0>, C4<0>, C4<0>;
v0x55cd2826eca0_0 .net *"_ivl_13", 3 0, L_0x7f423c1b70a8;  1 drivers
L_0x7f423c1b70f0 .functor BUFT 1, C4<1>, C4<0>, C4<0>, C4<0>;
v0x55cd2826ed60_0 .net/2u *"_ivl_16", 0 0, L_0x7f423c1b70f0;  1 drivers
v0x55cd2826ee40_0 .net *"_ivl_18", 4 0, L_0x55cd28271db0;  1 drivers
v0x55cd2826ef70_0 .net *"_ivl_2", 4 0, L_0x55cd282716f0;  1 drivers
L_0x7f423c1b7138 .functor BUFT 1, C4<0>, C4<0>, C4<0>, C4<0>;
v0x55cd2826f050_0 .net/2u *"_ivl_20", 0 0, L_0x7f423c1b7138;  1 drivers
v0x55cd2826f130_0 .net *"_ivl_22", 4 0, L_0x55cd28271f30;  1 drivers
v0x55cd2826f210_0 .net *"_ivl_24", 4 0, L_0x55cd28272020;  1 drivers
L_0x7f423c1b7180 .functor BUFT 1, C4<0000>, C4<0>, C4<0>, C4<0>;
v0x55cd2826f2f0_0 .net/2u *"_ivl_26", 3 0, L_0x7f423c1b7180;  1 drivers
v0x55cd2826f3d0_0 .net *"_ivl_28", 4 0, L_0x55cd282721b0;  1 drivers
v0x55cd2826f4b0_0 .net *"_ivl_32", 7 0, L_0x55cd28272440;  1 drivers
L_0x7f423c1b71c8 .functor BUFT 1, C4<0000>, C4<0>, C4<0>, C4<0>;
v0x55cd2826f590_0 .net *"_ivl_35", 3 0, L_0x7f423c1b71c8;  1 drivers
v0x55cd2826f670_0 .net *"_ivl_36", 7 0, L_0x55cd282724e0;  1 drivers
L_0x7f423c1b7210 .functor BUFT 1, C4<0000>, C4<0>, C4<0>, C4<0>;
v0x55cd2826f750_0 .net *"_ivl_39", 3 0, L_0x7f423c1b7210;  1 drivers
L_0x7f423c1b7060 .functor BUFT 1, C4<0>, C4<0>, C4<0>, C4<0>;
v0x55cd2826f830_0 .net/2u *"_ivl_4", 0 0, L_0x7f423c1b7060;  1 drivers
v0x55cd2826f910_0 .net/s *"_ivl_42", 7 0, L_0x55cd282726e0;  1 drivers
v0x55cd2826f9f0_0 .net/s *"_ivl_44", 7 0, L_0x55cd28272800;  1 drivers
L_0x7f423c1b7258 .functor BUFT 1, C4<0000>, C4<0>, C4<0>, C4<0>;
v0x55cd2826fad0_0 .net/2u *"_ivl_48", 3 0, L_0x7f423c1b7258;  1 drivers
L_0x7f423c1b72a0 .functor BUFT 1, C4<1111>, C4<0>, C4<0>, C4<0>;
v0x55cd2826fbb0_0 .net/2u *"_ivl_52", 3 0, L_0x7f423c1b72a0;  1 drivers
v0x55cd2826fc90_0 .net *"_ivl_54", 3 0, L_0x55cd28272b60;  1 drivers
v0x55cd2826fd70_0 .net *"_ivl_58", 3 0, L_0x55cd28272de0;  1 drivers
v0x55cd2826fe50_0 .net *"_ivl_6", 4 0, L_0x55cd28271810;  1 drivers
v0x55cd2826ff30_0 .net *"_ivl_8", 4 0, L_0x55cd28271950;  1 drivers
v0x55cd28270010_0 .net "a", 3 0, v0x55cd28270fc0_0;  1 drivers
v0x55cd282700f0_0 .net "add_ext", 4 0, L_0x55cd28271c70;  1 drivers
v0x55cd282701d0_0 .net "b", 3 0, v0x55cd282710a0_0;  1 drivers
v0x55cd282702b0_0 .net "cin", 0 0, v0x55cd28271140_0;  1 drivers
v0x55cd28270370_0 .var "cout_bout", 0 0;
v0x55cd28270430_0 .net "div_by_zero", 0 0, L_0x55cd28272a70;  alias, 1 drivers
v0x55cd282704f0_0 .net "div_q", 3 0, L_0x55cd28272ca0;  1 drivers
v0x55cd282705d0_0 .net "div_r", 3 0, L_0x55cd28272c00;  1 drivers
v0x55cd282706b0_0 .net "is_signed", 0 0, v0x55cd28271380_0;  1 drivers
v0x55cd28270980_0 .net "mul_signed", 7 0, L_0x55cd282728a0;  1 drivers
v0x55cd28270a60_0 .net "mul_unsigned", 7 0, L_0x55cd282725f0;  1 drivers
v0x55cd28270b40_0 .net "opcode", 2 0, v0x55cd28271450_0;  1 drivers
v0x55cd28270c20_0 .var "overflow", 0 0;
v0x55cd28270ce0_0 .var "result", 7 0;
v0x55cd28270dc0_0 .net "sub_ext", 4 0, L_0x55cd282722a0;  1 drivers
E_0x55cd282453b0/0 .event edge, v0x55cd28270b40_0, v0x55cd282700f0_0, v0x55cd282700f0_0, v0x55cd28270010_0;
E_0x55cd282453b0/1 .event edge, v0x55cd282701d0_0, v0x55cd28270ce0_0, v0x55cd28270dc0_0, v0x55cd28270dc0_0;
E_0x55cd282453b0/2 .event edge, v0x55cd282706b0_0, v0x55cd28270980_0, v0x55cd28270a60_0, v0x55cd28270ce0_0;
E_0x55cd282453b0/3 .event edge, v0x55cd282704f0_0, v0x55cd282705d0_0;
E_0x55cd282453b0 .event/or E_0x55cd282453b0/0, E_0x55cd282453b0/1, E_0x55cd282453b0/2, E_0x55cd282453b0/3;
L_0x55cd282716f0 .concat [ 4 1 0 0], v0x55cd28270fc0_0, L_0x7f423c1b7018;
L_0x55cd28271810 .concat [ 4 1 0 0], v0x55cd282710a0_0, L_0x7f423c1b7060;
L_0x55cd28271950 .arith/sum 5, L_0x55cd282716f0, L_0x55cd28271810;
L_0x55cd28271b00 .concat [ 1 4 0 0], v0x55cd28271140_0, L_0x7f423c1b70a8;
L_0x55cd28271c70 .arith/sum 5, L_0x55cd28271950, L_0x55cd28271b00;
L_0x55cd28271db0 .concat [ 4 1 0 0], v0x55cd28270fc0_0, L_0x7f423c1b70f0;
L_0x55cd28271f30 .concat [ 4 1 0 0], v0x55cd282710a0_0, L_0x7f423c1b7138;
L_0x55cd28272020 .arith/sub 5, L_0x55cd28271db0, L_0x55cd28271f30;
L_0x55cd282721b0 .concat [ 1 4 0 0], v0x55cd28271140_0, L_0x7f423c1b7180;
L_0x55cd282722a0 .arith/sub 5, L_0x55cd28272020, L_0x55cd282721b0;
L_0x55cd28272440 .concat [ 4 4 0 0], v0x55cd28270fc0_0, L_0x7f423c1b71c8;
L_0x55cd282724e0 .concat [ 4 4 0 0], v0x55cd282710a0_0, L_0x7f423c1b7210;
L_0x55cd282725f0 .arith/mult 8, L_0x55cd28272440, L_0x55cd282724e0;
L_0x55cd282726e0 .extend/s 8, v0x55cd28270fc0_0;
L_0x55cd28272800 .extend/s 8, v0x55cd282710a0_0;
L_0x55cd282728a0 .arith/mult 8, L_0x55cd282726e0, L_0x55cd28272800;
L_0x55cd28272a70 .cmp/eq 4, v0x55cd282710a0_0, L_0x7f423c1b7258;
L_0x55cd28272b60 .arith/div 4, v0x55cd28270fc0_0, v0x55cd282710a0_0;
L_0x55cd28272ca0 .functor MUXZ 4, L_0x55cd28272b60, L_0x7f423c1b72a0, L_0x55cd28272a70, C4<>;
L_0x55cd28272de0 .arith/mod 4, v0x55cd28270fc0_0, v0x55cd282710a0_0;
L_0x55cd28272c00 .functor MUXZ 4, L_0x55cd28272de0, v0x55cd28270fc0_0, L_0x55cd28272a70, C4<>;
    .scope S_0x55cd28209cf0;
T_0 ;
Ewait_0 .event/or E_0x55cd282453b0, E_0x0;
    %wait Ewait_0;
    %pushi/vec4 0, 0, 8;
    %store/vec4 v0x55cd28270ce0_0, 0, 8;
    %pushi/vec4 0, 0, 1;
    %store/vec4 v0x55cd28270370_0, 0, 1;
    %pushi/vec4 0, 0, 1;
    %store/vec4 v0x55cd28270c20_0, 0, 1;
    %load/vec4 v0x55cd28270b40_0;
    %dup/vec4;
    %pushi/vec4 1, 0, 3;
    %cmp/u;
    %jmp/1 T_0.0, 6;
    %dup/vec4;
    %pushi/vec4 2, 0, 3;
    %cmp/u;
    %jmp/1 T_0.1, 6;
    %dup/vec4;
    %pushi/vec4 3, 0, 3;
    %cmp/u;
    %jmp/1 T_0.2, 6;
    %dup/vec4;
    %pushi/vec4 4, 0, 3;
    %cmp/u;
    %jmp/1 T_0.3, 6;
    %pushi/vec4 0, 0, 8;
    %store/vec4 v0x55cd28270ce0_0, 0, 8;
    %jmp T_0.5;
T_0.0 ;
    %load/vec4 v0x55cd282700f0_0;
    %parti/s 4, 0, 2;
    %ix/load 4, 0, 0;
    %flag_set/imm 4, 0;
    %store/vec4 v0x55cd28270ce0_0, 4, 4;
    %load/vec4 v0x55cd282700f0_0;
    %parti/s 1, 4, 4;
    %store/vec4 v0x55cd28270370_0, 0, 1;
    %load/vec4 v0x55cd28270010_0;
    %parti/s 1, 3, 3;
    %load/vec4 v0x55cd282701d0_0;
    %parti/s 1, 3, 3;
    %cmp/e;
    %flag_get/vec4 4;
    %load/vec4 v0x55cd28270ce0_0;
    %parti/s 1, 3, 3;
    %load/vec4 v0x55cd28270010_0;
    %parti/s 1, 3, 3;
    %cmp/ne;
    %flag_get/vec4 4;
    %and;
    %store/vec4 v0x55cd28270c20_0, 0, 1;
    %jmp T_0.5;
T_0.1 ;
    %load/vec4 v0x55cd28270dc0_0;
    %parti/s 4, 0, 2;
    %ix/load 4, 0, 0;
    %flag_set/imm 4, 0;
    %store/vec4 v0x55cd28270ce0_0, 4, 4;
    %load/vec4 v0x55cd28270dc0_0;
    %parti/s 1, 4, 4;
    %inv;
    %store/vec4 v0x55cd28270370_0, 0, 1;
    %load/vec4 v0x55cd28270010_0;
    %parti/s 1, 3, 3;
    %load/vec4 v0x55cd282701d0_0;
    %parti/s 1, 3, 3;
    %cmp/ne;
    %flag_get/vec4 4;
    %load/vec4 v0x55cd28270ce0_0;
    %parti/s 1, 3, 3;
    %load/vec4 v0x55cd282701d0_0;
    %parti/s 1, 3, 3;
    %cmp/e;
    %flag_get/vec4 4;
    %and;
    %store/vec4 v0x55cd28270c20_0, 0, 1;
    %jmp T_0.5;
T_0.2 ;
    %load/vec4 v0x55cd282706b0_0;
    %flag_set/vec4 8;
    %jmp/0 T_0.6, 8;
    %load/vec4 v0x55cd28270980_0;
    %jmp/1 T_0.7, 8;
T_0.6 ; End of true expr.
    %load/vec4 v0x55cd28270a60_0;
    %jmp/0 T_0.7, 8;
 ; End of false expr.
    %blend;
T_0.7;
    %store/vec4 v0x55cd28270ce0_0, 0, 8;
    %load/vec4 v0x55cd282706b0_0;
    %flag_set/vec4 8;
    %jmp/0 T_0.8, 8;
    %load/vec4 v0x55cd28270ce0_0;
    %parti/s 4, 4, 4;
    %load/vec4 v0x55cd28270ce0_0;
    %parti/s 1, 3, 3;
    %replicate 4;
    %cmp/ne;
    %flag_get/vec4 4;
    %jmp/1 T_0.9, 8;
T_0.8 ; End of true expr.
    %load/vec4 v0x55cd28270ce0_0;
    %parti/s 4, 4, 4;
    %pushi/vec4 0, 0, 4;
    %cmp/ne;
    %flag_get/vec4 4;
    %jmp/0 T_0.9, 8;
 ; End of false expr.
    %blend;
T_0.9;
    %store/vec4 v0x55cd28270c20_0, 0, 1;
    %jmp T_0.5;
T_0.3 ;
    %load/vec4 v0x55cd282704f0_0;
    %ix/load 4, 0, 0;
    %flag_set/imm 4, 0;
    %store/vec4 v0x55cd28270ce0_0, 4, 4;
    %load/vec4 v0x55cd282705d0_0;
    %ix/load 4, 4, 0;
    %flag_set/imm 4, 0;
    %store/vec4 v0x55cd28270ce0_0, 4, 4;
    %jmp T_0.5;
T_0.5 ;
    %pop/vec4 1;
    %jmp T_0;
    .thread T_0, $push;
    .scope S_0x55cd2824e2e0;
T_1 ;
    %vpi_call/w 3 71 "$dumpfile", "alu.vcd" {0 0 0};
    %vpi_call/w 3 72 "$dumpvars", 32'sb00000000000000000000000000000000, S_0x55cd2824e2e0 {0 0 0};
    %pushi/vec4 7, 0, 4;
    %store/vec4 v0x55cd28270fc0_0, 0, 4;
    %pushi/vec4 1, 0, 4;
    %store/vec4 v0x55cd282710a0_0, 0, 4;
    %pushi/vec4 0, 0, 1;
    %store/vec4 v0x55cd28271140_0, 0, 1;
    %pushi/vec4 1, 0, 1;
    %store/vec4 v0x55cd28271380_0, 0, 1;
    %pushi/vec4 1, 0, 3;
    %store/vec4 v0x55cd28271450_0, 0, 3;
    %delay 10, 0;
    %vpi_call/w 3 77 "$display", "VALS:%b,%b,%b,%b,%b,%b,%b,%b,%b", v0x55cd28270fc0_0, v0x55cd282710a0_0, v0x55cd28271140_0, v0x55cd28271380_0, v0x55cd28271450_0, &PV<v0x55cd282715f0_0, 0, 4>, v0x55cd28271210_0, v0x55cd28271520_0, v0x55cd282712e0_0 {0 0 0};
    %vpi_call/w 3 78 "$finish" {0 0 0};
    %end;
    .thread T_1;
# The file index is used to find the file name in the following table.
:file_names 4;
    "N/A";
    "<interactive>";
    "-";
    "alu.sv";
