#! /usr/bin/vvp
:ivl_version "11.0 (stable)";
:ivl_delay_selection "TYPICAL";
:vpi_time_precision + 0;
:vpi_module "/usr/lib/x86_64-linux-gnu/ivl/system.vpi";
:vpi_module "/usr/lib/x86_64-linux-gnu/ivl/vhdl_sys.vpi";
:vpi_module "/usr/lib/x86_64-linux-gnu/ivl/vhdl_textio.vpi";
:vpi_module "/usr/lib/x86_64-linux-gnu/ivl/v2005_math.vpi";
:vpi_module "/usr/lib/x86_64-linux-gnu/ivl/va_math.vpi";
:vpi_module "/usr/lib/x86_64-linux-gnu/ivl/v2009.vpi";
S_0x5609e390fd90 .scope package, "$unit" "$unit" 2 1;
 .timescale 0 0;
S_0x5609e390ff20 .scope module, "tb_full_adder" "tb_full_adder" 3 21;
 .timescale 0 0;
v0x5609e392eac0_0 .var "a", 0 0;
v0x5609e392eb80_0 .var "b", 0 0;
v0x5609e392ec20_0 .var "cin", 0 0;
v0x5609e392ed20_0 .net "cout", 0 0, L_0x5609e392f4d0;  1 drivers
v0x5609e392edf0_0 .net "sum", 0 0, L_0x5609e392efd0;  1 drivers
S_0x5609e39100b0 .scope module, "uut" "full_adder" 3 26, 3 2 0, S_0x5609e390ff20;
 .timescale 0 0;
    .port_info 0 /INPUT 1 "a";
    .port_info 1 /INPUT 1 "b";
    .port_info 2 /INPUT 1 "cin";
    .port_info 3 /OUTPUT 1 "sum";
    .port_info 4 /OUTPUT 1 "cout";
L_0x5609e392ee90 .functor XOR 1, v0x5609e392eac0_0, v0x5609e392eb80_0, C4<0>, C4<0>;
L_0x5609e392efd0 .functor XOR 1, L_0x5609e392ee90, v0x5609e392ec20_0, C4<0>, C4<0>;
L_0x5609e392f130 .functor AND 1, v0x5609e392eac0_0, v0x5609e392eb80_0, C4<1>, C4<1>;
L_0x5609e392f1a0 .functor AND 1, v0x5609e392eb80_0, v0x5609e392ec20_0, C4<1>, C4<1>;
L_0x5609e392f240 .functor OR 1, L_0x5609e392f130, L_0x5609e392f1a0, C4<0>, C4<0>;
L_0x5609e392f300 .functor AND 1, v0x5609e392eac0_0, v0x5609e392ec20_0, C4<1>, C4<1>;
L_0x5609e392f4d0 .functor OR 1, L_0x5609e392f240, L_0x5609e392f300, C4<0>, C4<0>;
v0x5609e39048e0_0 .net *"_ivl_0", 0 0, L_0x5609e392ee90;  1 drivers
v0x5609e392e2b0_0 .net *"_ivl_10", 0 0, L_0x5609e392f300;  1 drivers
v0x5609e392e390_0 .net *"_ivl_4", 0 0, L_0x5609e392f130;  1 drivers
v0x5609e392e450_0 .net *"_ivl_6", 0 0, L_0x5609e392f1a0;  1 drivers
v0x5609e392e530_0 .net *"_ivl_8", 0 0, L_0x5609e392f240;  1 drivers
v0x5609e392e660_0 .net "a", 0 0, v0x5609e392eac0_0;  1 drivers
v0x5609e392e720_0 .net "b", 0 0, v0x5609e392eb80_0;  1 drivers
v0x5609e392e7e0_0 .net "cin", 0 0, v0x5609e392ec20_0;  1 drivers
v0x5609e392e8a0_0 .net "cout", 0 0, L_0x5609e392f4d0;  alias, 1 drivers
v0x5609e392e960_0 .net "sum", 0 0, L_0x5609e392efd0;  alias, 1 drivers
    .scope S_0x5609e390ff20;
T_0 ;
    %vpi_call/w 3 35 "$dumpfile", "full_adder.vcd" {0 0 0};
    %vpi_call/w 3 36 "$dumpvars", 32'sb00000000000000000000000000000000, S_0x5609e390ff20 {0 0 0};
    %vpi_call/w 3 38 "$display", "Time\011A B Cin | Sum Cout" {0 0 0};
    %vpi_call/w 3 39 "$display", "-----------------------" {0 0 0};
    %pushi/vec4 0, 0, 1;
    %store/vec4 v0x5609e392eac0_0, 0, 1;
    %pushi/vec4 0, 0, 1;
    %store/vec4 v0x5609e392eb80_0, 0, 1;
    %pushi/vec4 0, 0, 1;
    %store/vec4 v0x5609e392ec20_0, 0, 1;
    %delay 10, 0;
    %vpi_call/w 3 43 "$display", "%0t\011%b %b  %b  |  %b    %b", $time, v0x5609e392eac0_0, v0x5609e392eb80_0, v0x5609e392ec20_0, v0x5609e392edf0_0, v0x5609e392ed20_0 {0 0 0};
    %pushi/vec4 0, 0, 1;
    %store/vec4 v0x5609e392eac0_0, 0, 1;
    %pushi/vec4 0, 0, 1;
    %store/vec4 v0x5609e392eb80_0, 0, 1;
    %pushi/vec4 1, 0, 1;
    %store/vec4 v0x5609e392ec20_0, 0, 1;
    %delay 10, 0;
    %vpi_call/w 3 46 "$display", "%0t\011%b %b  %b  |  %b    %b", $time, v0x5609e392eac0_0, v0x5609e392eb80_0, v0x5609e392ec20_0, v0x5609e392edf0_0, v0x5609e392ed20_0 {0 0 0};
    %pushi/vec4 0, 0, 1;
    %store/vec4 v0x5609e392eac0_0, 0, 1;
    %pushi/vec4 1, 0, 1;
    %store/vec4 v0x5609e392eb80_0, 0, 1;
    %pushi/vec4 0, 0, 1;
    %store/vec4 v0x5609e392ec20_0, 0, 1;
    %delay 10, 0;
    %vpi_call/w 3 49 "$display", "%0t\011%b %b  %b  |  %b    %b", $time, v0x5609e392eac0_0, v0x5609e392eb80_0, v0x5609e392ec20_0, v0x5609e392edf0_0, v0x5609e392ed20_0 {0 0 0};
    %pushi/vec4 0, 0, 1;
    %store/vec4 v0x5609e392eac0_0, 0, 1;
    %pushi/vec4 1, 0, 1;
    %store/vec4 v0x5609e392eb80_0, 0, 1;
    %pushi/vec4 1, 0, 1;
    %store/vec4 v0x5609e392ec20_0, 0, 1;
    %delay 10, 0;
    %vpi_call/w 3 52 "$display", "%0t\011%b %b  %b  |  %b    %b", $time, v0x5609e392eac0_0, v0x5609e392eb80_0, v0x5609e392ec20_0, v0x5609e392edf0_0, v0x5609e392ed20_0 {0 0 0};
    %pushi/vec4 1, 0, 1;
    %store/vec4 v0x5609e392eac0_0, 0, 1;
    %pushi/vec4 0, 0, 1;
    %store/vec4 v0x5609e392eb80_0, 0, 1;
    %pushi/vec4 0, 0, 1;
    %store/vec4 v0x5609e392ec20_0, 0, 1;
    %delay 10, 0;
    %vpi_call/w 3 55 "$display", "%0t\011%b %b  %b  |  %b    %b", $time, v0x5609e392eac0_0, v0x5609e392eb80_0, v0x5609e392ec20_0, v0x5609e392edf0_0, v0x5609e392ed20_0 {0 0 0};
    %pushi/vec4 1, 0, 1;
    %store/vec4 v0x5609e392eac0_0, 0, 1;
    %pushi/vec4 0, 0, 1;
    %store/vec4 v0x5609e392eb80_0, 0, 1;
    %pushi/vec4 1, 0, 1;
    %store/vec4 v0x5609e392ec20_0, 0, 1;
    %delay 10, 0;
    %vpi_call/w 3 58 "$display", "%0t\011%b %b  %b  |  %b    %b", $time, v0x5609e392eac0_0, v0x5609e392eb80_0, v0x5609e392ec20_0, v0x5609e392edf0_0, v0x5609e392ed20_0 {0 0 0};
    %pushi/vec4 1, 0, 1;
    %store/vec4 v0x5609e392eac0_0, 0, 1;
    %pushi/vec4 1, 0, 1;
    %store/vec4 v0x5609e392eb80_0, 0, 1;
    %pushi/vec4 0, 0, 1;
    %store/vec4 v0x5609e392ec20_0, 0, 1;
    %delay 10, 0;
    %vpi_call/w 3 61 "$display", "%0t\011%b %b  %b  |  %b    %b", $time, v0x5609e392eac0_0, v0x5609e392eb80_0, v0x5609e392ec20_0, v0x5609e392edf0_0, v0x5609e392ed20_0 {0 0 0};
    %pushi/vec4 1, 0, 1;
    %store/vec4 v0x5609e392eac0_0, 0, 1;
    %pushi/vec4 1, 0, 1;
    %store/vec4 v0x5609e392eb80_0, 0, 1;
    %pushi/vec4 1, 0, 1;
    %store/vec4 v0x5609e392ec20_0, 0, 1;
    %delay 10, 0;
    %vpi_call/w 3 64 "$display", "%0t\011%b %b  %b  |  %b    %b", $time, v0x5609e392eac0_0, v0x5609e392eb80_0, v0x5609e392ec20_0, v0x5609e392edf0_0, v0x5609e392ed20_0 {0 0 0};
    %vpi_call/w 3 66 "$finish" {0 0 0};
    %end;
    .thread T_0;
# The file index is used to find the file name in the following table.
:file_names 4;
    "N/A";
    "<interactive>";
    "-";
    "full_adder.sv";
